mvn : Mockito is currently self-attaching to enable the inline-mock-maker. This will no longer work in future releases 
of the JDK. Please add Mockito as an agent to your build what is described in Mockito's documentation: 
https://javadoc.io/doc/org.mockito/mockito-core/latest/org/mockito/Mockito.html#0.3
Au caractère Ligne:1 : 36
+ ... loads\p2p"; mvn test -q 2>&1 > c:\Users\bapti\Downloads\p2p\test-outp ...
+                 ~~~~~~~~~~~~~~~~~~~~~~~~~~~~~~~~~~~~~~~~~~~~~~~~~~~~~~~~~
    + CategoryInfo          : NotSpecified: (Mockito is curr...ockito.html#0.3:String) [], RemoteException
    + FullyQualifiedErrorId : NativeCommandError
 
WARNING: A Java agent has been loaded dynamically 
(C:\Users\bapti\.m2\repository\net\bytebuddy\byte-buddy-agent\1.15.11\byte-buddy-agent-1.15.11.jar)
WARNING: If a serviceability tool is in use, please run with -XX:+EnableDynamicAgentLoading to hide this warning
WARNING: If a serviceability tool is not in use, please run with -Djdk.instrument.traceUsage for more information
WARNING: Dynamic loading of agents will be disallowed by default in a future release
Java HotSpot(TM) 64-Bit Server VM warning: Sharing is only supported for boot loader classes because bootstrap 
classpath has been appended
[ERROR] Tests run: 3, Failures: 3, Errors: 0, Skipped: 0, Time elapsed: 0.977 s <<< FAILURE! -- in com.finovago.p2p.config.ResponseTimeFilterTest
[ERROR] com.finovago.p2p.config.ResponseTimeFilterTest.testResponseTimeMeasurement -- Time elapsed: 0.947 s <<< FAILURE!
Wanted but not invoked:
response.setHeader(
    "X-Response-Time",
    <Capturing argument: String>
);
-> at com.finovago.p2p.config.ResponseTimeFilterTest.testResponseTimeMeasurement(ResponseTimeFilterTest.java:81)

However, there were exactly 2 interactions with this mock:
response.isCommitted();
-> at jakarta.servlet.ServletResponseWrapper.isCommitted(ServletResponseWrapper.java:176)

response.addHeader("X-Response-Time", "10");
-> at jakarta.servlet.http.HttpServletResponseWrapper.addHeader(HttpServletResponseWrapper.java:141)


	at com.finovago.p2p.config.ResponseTimeFilterTest.testResponseTimeMeasurement(ResponseTimeFilterTest.java:81)
	at java.base/java.lang.reflect.Method.invoke(Method.java:580)
	at java.base/java.util.ArrayList.forEach(ArrayList.java:1596)
	at java.base/java.util.ArrayList.forEach(ArrayList.java:1596)

[ERROR] com.finovago.p2p.config.ResponseTimeFilterTest.testFilterChainExecutionOnException -- Time elapsed: 0.009 s <<< FAILURE!
org.opentest4j.AssertionFailedError: Expected java.lang.RuntimeException to be thrown, but nothing was thrown.
	at org.junit.jupiter.api.AssertionFailureBuilder.build(AssertionFailureBuilder.java:152)
	at org.junit.jupiter.api.AssertThrows.assertThrows(AssertThrows.java:73)
	at org.junit.jupiter.api.AssertThrows.assertThrows(AssertThrows.java:35)
	at org.junit.jupiter.api.Assertions.assertThrows(Assertions.java:3128)
	at com.finovago.p2p.config.ResponseTimeFilterTest.testFilterChainExecutionOnException(ResponseTimeFilterTest.java:65)
	at java.base/java.lang.reflect.Method.invoke(Method.java:580)
	at java.base/java.util.ArrayList.forEach(ArrayList.java:1596)
	at java.base/java.util.ArrayList.forEach(ArrayList.java:1596)

[ERROR] com.finovago.p2p.config.ResponseTimeFilterTest.testResponseTimeHeaderIsAdded -- Time elapsed: 0.004 s <<< FAILURE!
Wanted but not invoked:
response.setHeader(
    <Capturing argument: String>,
    <Capturing argument: String>
);
-> at com.finovago.p2p.config.ResponseTimeFilterTest.testResponseTimeHeaderIsAdded(ResponseTimeFilterTest.java:48)

However, there were exactly 2 interactions with this mock:
response.isCommitted();
-> at jakarta.servlet.ServletResponseWrapper.isCommitted(ServletResponseWrapper.java:176)

response.addHeader("X-Response-Time", "0");
-> at jakarta.servlet.http.HttpServletResponseWrapper.addHeader(HttpServletResponseWrapper.java:141)


	at com.finovago.p2p.config.ResponseTimeFilterTest.testResponseTimeHeaderIsAdded(ResponseTimeFilterTest.java:48)
	at java.base/java.lang.reflect.Method.invoke(Method.java:580)
	at java.base/java.util.ArrayList.forEach(ArrayList.java:1596)
	at java.base/java.util.ArrayList.forEach(ArrayList.java:1596)

19:10:47.155 [main] WARN com.finovago.p2p.service.AuthService -- Registration failed - email already exists: existing@example.com
19:10:47.170 [main] WARN com.finovago.p2p.service.AuthService -- Login failed - user not found for email
19:10:47.175 [main] WARN com.finovago.p2p.service.AuthService -- Login failed - invalid password for user: client@example.com
19:10:47.186 [main] INFO com.finovago.p2p.service.AuthService -- Token rotation successful for user: client@example.com
19:10:47.194 [main] INFO com.finovago.p2p.service.AuthService -- User registered successfully: newuser@example.com (role: CLIENT)
19:10:47.201 [main] INFO com.finovago.p2p.service.AuthService -- Logout successful - refresh token revoked
19:10:47.204 [main] INFO com.finovago.p2p.service.AuthService -- Tokens issued for user: client@example.com (role: CLIENT)
19:10:47.259 [main] INFO com.finovago.p2p.service.GiftCardService -- Processing database validation for card code: VALID123
19:10:47.261 [main] INFO com.finovago.p2p.service.GiftCardService -- Redemption done in 2ms. Remaining balance: 70.0
19:10:47.265 [main] INFO com.finovago.p2p.service.GiftCardService -- Processing database validation for card code: EXPIRED123
19:10:47.268 [main] INFO com.finovago.p2p.service.GiftCardService -- Processing database validation for card code: INVALID_CODE
19:10:47.270 [main] INFO com.finovago.p2p.service.GiftCardService -- Processing database validation for card code: null
19:10:47.270 [main] INFO com.finovago.p2p.service.GiftCardService -- Processing database validation for card code: 
19:10:47.272 [main] INFO com.finovago.p2p.service.GiftCardService -- Processing database validation for card code: VALID456
19:10:47.272 [main] INFO com.finovago.p2p.service.GiftCardService -- Redemption done in 0ms. Remaining balance: 0.0
19:10:47.279 [main] INFO com.finovago.p2p.service.GiftCardService -- Administrative Event: Gift card [DEFAULT_DATE] successfully registered into database vault.
19:10:47.283 [main] INFO com.finovago.p2p.service.GiftCardService -- Processing database validation for card code: ABC123
19:10:47.291 [main] INFO com.finovago.p2p.service.GiftCardService -- Processing database validation for card code: VALID_CODE
19:10:47.292 [main] INFO com.finovago.p2p.service.GiftCardService -- Processing database validation for card code: VALID_CODE
19:10:47.647 [main] WARN com.finovago.p2p.service.RefreshTokenService -- Token rotation failed - token hash not found (possible invalid token)
19:10:47.649 [main] WARN com.finovago.p2p.service.RefreshTokenService -- Token rotation failed - token already revoked (possible replay attack)
19:10:47.653 [main] INFO com.finovago.p2p.service.RefreshTokenService -- Token rotation completed for user: client@example.com
19:10:47.658 [main] WARN com.finovago.p2p.service.RefreshTokenService -- Token rotation failed - token expired
[ERROR] Failures: 
[ERROR]   ResponseTimeFilterTest.testFilterChainExecutionOnException:65 Expected java.lang.RuntimeException to be thrown, but nothing was thrown.
[ERROR]   ResponseTimeFilterTest.testResponseTimeHeaderIsAdded:48 
Wanted but not invoked:
response.setHeader(
    <Capturing argument: String>,
    <Capturing argument: String>
);
-> at com.finovago.p2p.config.ResponseTimeFilterTest.testResponseTimeHeaderIsAdded(ResponseTimeFilterTest.java:48)

However, there were exactly 2 interactions with this mock:
response.isCommitted();
-> at jakarta.servlet.ServletResponseWrapper.isCommitted(ServletResponseWrapper.java:176)

response.addHeader("X-Response-Time", "0");
-> at jakarta.servlet.http.HttpServletResponseWrapper.addHeader(HttpServletResponseWrapper.java:141)


[ERROR]   ResponseTimeFilterTest.testResponseTimeMeasurement:81 
Wanted but not invoked:
response.setHeader(
    "X-Response-Time",
    <Capturing argument: String>
);
-> at com.finovago.p2p.config.ResponseTimeFilterTest.testResponseTimeMeasurement(ResponseTimeFilterTest.java:81)

However, there were exactly 2 interactions with this mock:
response.isCommitted();
-> at jakarta.servlet.ServletResponseWrapper.isCommitted(ServletResponseWrapper.java:176)

response.addHeader("X-Response-Time", "10");
-> at jakarta.servlet.http.HttpServletResponseWrapper.addHeader(HttpServletResponseWrapper.java:141)


[ERROR] Tests run: 38, Failures: 3, Errors: 0, Skipped: 0
[ERROR] Failed to execute goal org.apache.maven.plugins:maven-surefire-plugin:3.5.2:test (default-test) on project p2p: There are test failures.
[ERROR] 
[ERROR] See C:\Users\bapti\Downloads\p2p\target\surefire-reports for the individual test results.
[ERROR] See dump files (if any exist) [date].dump, [date]-jvmRun[N].dump and [date].dumpstream.
[ERROR] -> [Help 1]
[ERROR] 
[ERROR] To see the full stack trace of the errors, re-run Maven with the -e switch.
[ERROR] Re-run Maven using the -X switch to enable full debug logging.
[ERROR] 
[ERROR] For more information about the errors and possible solutions, please read the following articles:
[ERROR] [Help 1] http://cwiki.apache.org/confluence/display/MAVEN/MojoFailureException
